\BOOKMARK [1][]{section.1}{\376\377\000I\000n\000t\000r\000o\000d\000u\000c\000t\000i\000o\000n}{}% 1
\BOOKMARK [2][]{subsection.1.1}{\376\377\000A\000r\000c\000h\000i\000t\000e\000c\000t\000u\000r\000a\000l\000\040\000L\000i\000m\000i\000t\000a\000t\000i\000o\000n\000s\000\040\000o\000f\000\040\000H\000a\000r\000d\000w\000a\000r\000e\000-\000D\000e\000p\000e\000n\000d\000e\000n\000t\000\040\000D\000i\000g\000i\000t\000a\000l\000\040\000T\000w\000i\000n\000s}{section.1}% 2
\BOOKMARK [2][]{subsection.1.2}{\376\377\000R\000e\000s\000e\000a\000r\000c\000h\000\040\000O\000b\000j\000e\000c\000t\000i\000v\000e\000s\000\040\000a\000n\000d\000\040\000t\000h\000e\000\040\000S\000e\000r\000v\000e\000r\000l\000e\000s\000s\000\040\000P\000I\000M\000L\000\040\000P\000a\000r\000a\000d\000i\000g\000m}{section.1}% 3
\BOOKMARK [1][]{section.2}{\376\377\000R\000e\000l\000a\000t\000e\000d\000\040\000W\000o\000r\000k\000\040\000a\000n\000d\000\040\000T\000h\000e\000o\000r\000e\000t\000i\000c\000a\000l\000\040\000C\000o\000n\000t\000e\000x\000t}{}% 4
\BOOKMARK [2][]{subsection.2.1}{\376\377\000S\000a\000t\000e\000l\000l\000i\000t\000e\000\040\000R\000e\000m\000o\000t\000e\000\040\000S\000e\000n\000s\000i\000n\000g\000\040\000a\000n\000d\000\040\000E\000n\000e\000r\000g\000y\000\040\000B\000a\000l\000a\000n\000c\000e\000\040\000F\000o\000r\000m\000u\000l\000a\000t\000i\000o\000n\000s}{section.2}% 5
\BOOKMARK [2][]{subsection.2.2}{\376\377\000I\000o\000T\000\040\000E\000d\000g\000e\000\040\000N\000e\000t\000w\000o\000r\000k\000s\000\040\000v\000s\000.\000\040\000S\000e\000r\000v\000e\000r\000l\000e\000s\000s\000\040\000M\000L\000O\000p\000s}{section.2}% 6
\BOOKMARK [2][]{subsection.2.3}{\376\377\000P\000h\000y\000s\000i\000c\000s\000-\000I\000n\000f\000o\000r\000m\000e\000d\000\040\000M\000a\000c\000h\000i\000n\000e\000\040\000L\000e\000a\000r\000n\000i\000n\000g\000\040\000\050\000P\000I\000M\000L\000\051\000\040\000i\000n\000\040\000H\000y\000d\000r\000o\000l\000o\000g\000y}{section.2}% 7
\BOOKMARK [1][]{section.3}{\376\377\000S\000y\000s\000t\000e\000m\000\040\000A\000r\000c\000h\000i\000t\000e\000c\000t\000u\000r\000e\000:\000\040\000S\000e\000r\000v\000e\000r\000l\000e\000s\000s\000\040\000C\000l\000o\000u\000d\000-\000N\000a\000t\000i\000v\000e\000\040\000P\000i\000p\000e\000l\000i\000n\000e}{}% 8
\BOOKMARK [2][]{subsection.3.1}{\376\377\000S\000t\000u\000d\000y\000\040\000S\000i\000t\000e\000\040\000a\000n\000d\000\040\000S\000p\000a\000t\000i\000a\000l\000\040\000D\000i\000s\000c\000r\000e\000t\000i\000z\000a\000t\000i\000o\000n}{section.3}% 9
\BOOKMARK [2][]{subsection.3.2}{\376\377\000M\000u\000l\000t\000i\000-\000S\000o\000u\000r\000c\000e\000\040\000A\000u\000t\000o\000m\000a\000t\000e\000d\000\040\000T\000e\000l\000e\000m\000e\000t\000r\000y\000\040\000I\000n\000g\000e\000s\000t\000i\000o\000n}{section.3}% 10
\BOOKMARK [2][]{subsection.3.3}{\376\377\000S\000e\000r\000v\000e\000r\000l\000e\000s\000s\000\040\000C\000I\000/\000C\000D\000\040\000W\000o\000r\000k\000f\000l\000o\000w\000\040\000O\000r\000c\000h\000e\000s\000t\000r\000a\000t\000i\000o\000n}{section.3}% 11
\BOOKMARK [2][]{subsection.3.4}{\376\377\000F\000a\000u\000l\000t\000-\000T\000o\000l\000e\000r\000a\000n\000t\000\040\000S\000t\000a\000t\000e\000\040\000E\000s\000t\000i\000m\000a\000t\000i\000o\000n\000\040\000a\000n\000d\000\040\000C\000l\000o\000u\000d\000\040\000P\000e\000r\000s\000i\000s\000t\000e\000n\000c\000e}{section.3}% 12
\BOOKMARK [1][]{section.4}{\376\377\000M\000a\000t\000h\000e\000m\000a\000t\000i\000c\000a\000l\000\040\000M\000e\000t\000h\000o\000d\000o\000l\000o\000g\000y\000:\000\040\000P\000h\000y\000s\000i\000c\000s\000-\000I\000n\000f\000o\000r\000m\000e\000d\000\040\000C\000r\000o\000p\000\040\000M\000o\000d\000e\000l\000i\000n\000g}{}% 13
\BOOKMARK [2][]{subsection.4.1}{\376\377\000G\000o\000v\000e\000r\000n\000i\000n\000g\000\040\000H\000y\000d\000r\000o\000l\000o\000g\000i\000c\000a\000l\000\040\000E\000q\000u\000a\000t\000i\000o\000n\000s\000\040\000\050\000F\000A\000O\000-\0005\0006\000\040\000D\000u\000a\000l\000\040\000C\000r\000o\000p\000\040\000M\000o\000d\000e\000l\000\051}{section.4}% 14
\BOOKMARK [2][]{subsection.4.2}{\376\377\000R\000e\000m\000o\000t\000e\000\040\000S\000e\000n\000s\000i\000n\000g\000\040\000D\000e\000r\000i\000v\000a\000t\000i\000o\000n\000\040\000o\000f\000\040\000C\000a\000n\000o\000p\000y\000\040\000P\000a\000r\000a\000m\000e\000t\000e\000r\000s}{section.4}% 15
\BOOKMARK [2][]{subsection.4.3}{\376\377\000P\000h\000y\000s\000i\000c\000s\000-\000I\000n\000f\000o\000r\000m\000e\000d\000\040\000N\000e\000u\000r\000a\000l\000\040\000N\000e\000t\000w\000o\000r\000k\000\040\000\050\000P\000I\000N\000N\000\051\000\040\000F\000o\000r\000m\000u\000l\000a\000t\000i\000o\000n}{section.4}% 16
\BOOKMARK [1][]{section.5}{\376\377\000R\000e\000s\000u\000l\000t\000s\000\040\000a\000n\000d\000\040\000E\000m\000p\000i\000r\000i\000c\000a\000l\000\040\000V\000a\000l\000i\000d\000a\000t\000i\000o\000n}{}% 17
\BOOKMARK [2][]{subsection.5.1}{\376\377\000R\000e\000g\000r\000e\000s\000s\000i\000o\000n\000\040\000A\000n\000a\000l\000y\000s\000i\000s}{section.5}% 18
\BOOKMARK [2][]{subsection.5.2}{\376\377\000C\000o\000m\000p\000r\000e\000h\000e\000n\000s\000i\000v\000e\000\040\000S\000t\000a\000t\000i\000s\000t\000i\000c\000a\000l\000\040\000M\000e\000t\000r\000i\000c\000s}{section.5}% 19
\BOOKMARK [2][]{subsection.5.3}{\376\377\000R\000i\000g\000o\000r\000o\000u\000s\000\040\000A\000n\000a\000l\000y\000s\000i\000s\000\040\000o\000f\000\040\000E\000v\000a\000l\000u\000a\000t\000i\000o\000n\000\040\000M\000e\000t\000r\000i\000c\000s\000\040\000\046\000\040\000M\000a\000t\000h\000e\000m\000a\000t\000i\000c\000a\000l\000\040\000D\000e\000f\000e\000n\000s\000e\000\040\000o\000f\000\040\000N\000S\000E}{section.5}% 20
\BOOKMARK [2][]{subsection.5.4}{\376\377\000T\000e\000m\000p\000o\000r\000a\000l\000\040\000S\000t\000a\000b\000i\000l\000i\000t\000y}{section.5}% 21
\BOOKMARK [1][]{section.6}{\376\377\000D\000i\000s\000c\000u\000s\000s\000i\000o\000n\000:\000\040\000F\000a\000u\000l\000t\000\040\000T\000o\000l\000e\000r\000a\000n\000c\000e\000\040\000a\000n\000d\000\040\000C\000o\000m\000p\000a\000r\000a\000t\000i\000v\000e\000\040\000P\000e\000r\000f\000o\000r\000m\000a\000n\000c\000e}{}% 22
\BOOKMARK [2][]{subsection.6.1}{\376\377\000R\000e\000s\000i\000l\000i\000e\000n\000c\000e\000\040\000t\000o\000\040\000S\000a\000t\000e\000l\000l\000i\000t\000e\000\040\000T\000e\000l\000e\000m\000e\000t\000r\000y\000\040\000O\000u\000t\000a\000g\000e\000s}{section.6}% 23
\BOOKMARK [2][]{subsection.6.2}{\376\377\000A\000r\000c\000h\000i\000t\000e\000c\000t\000u\000r\000a\000l\000\040\000T\000r\000a\000d\000e\000-\000O\000f\000f\000\040\000A\000n\000a\000l\000y\000s\000i\000s}{section.6}% 24
\BOOKMARK [2][]{subsection.6.3}{\376\377\000C\000o\000m\000p\000a\000r\000a\000t\000i\000v\000e\000\040\000S\000O\000T\000A\000\040\000A\000n\000a\000l\000y\000s\000i\000s}{section.6}% 25
\BOOKMARK [1][]{section.7}{\376\377\000C\000o\000n\000c\000l\000u\000s\000i\000o\000n}{}% 26
\BOOKMARK [1][]{appendix.1.A}{\376\377\000P\000i\000p\000e\000l\000i\000n\000e\000\040\000I\000m\000p\000l\000e\000m\000e\000n\000t\000a\000t\000i\000o\000n\000\040\000C\000o\000d\000e}{}% 27
\BOOKMARK [2][]{subsection.1.A.1}{\376\377\000G\000i\000t\000H\000u\000b\000\040\000A\000c\000t\000i\000o\000n\000s\000\040\000S\000e\000r\000v\000e\000r\000l\000e\000s\000s\000\040\000S\000c\000h\000e\000d\000u\000l\000e\000r\000\040\000\050\000h\000o\000u\000r\000l\000y\000\137\000s\000y\000n\000c\000.\000y\000m\000l\000\051}{appendix.1.A}% 28
\BOOKMARK [2][]{subsection.1.A.2}{\376\377\000P\000h\000y\000s\000i\000c\000s\000-\000I\000n\000f\000o\000r\000m\000e\000d\000\040\000L\000o\000s\000s\000\040\000F\000u\000n\000c\000t\000i\000o\000n\000\040\000I\000m\000p\000l\000e\000m\000e\000n\000t\000a\000t\000i\000o\000n}{appendix.1.A}% 29
